INFO:     Started server process [19224]
INFO:     Waiting for application startup.
INFO:     app.services.ml.inference — loaded ML artifact model_id=s1_xgb_v2_c430d22dd1ab.NOT_PROMOTED schema_v=2 promoted=False features=19
INFO:     app.main — startup check OK — ML artifact loaded: model_id=s1_xgb_v2_c430d22dd1ab.NOT_PROMOTED promoted=False
INFO:     apscheduler.scheduler — Adding job tentatively -- it will be properly scheduled when the scheduler starts
INFO:     apscheduler.scheduler — Adding job tentatively -- it will be properly scheduled when the scheduler starts
INFO:     apscheduler.scheduler — Adding job tentatively -- it will be properly scheduled when the scheduler starts
INFO:     apscheduler.scheduler — Adding job tentatively -- it will be properly scheduled when the scheduler starts
INFO:     apscheduler.scheduler — Adding job tentatively -- it will be properly scheduled when the scheduler starts
INFO:     apscheduler.scheduler — Adding job tentatively -- it will be properly scheduled when the scheduler starts
INFO:     apscheduler.scheduler — Adding job tentatively -- it will be properly scheduled when the scheduler starts
INFO:     apscheduler.scheduler — Adding job tentatively -- it will be properly scheduled when the scheduler starts
INFO:     apscheduler.scheduler — Added job "_weekly_chain" to job store "default"
INFO:     apscheduler.scheduler — Added job "_daily_circuit_breaker" to job store "default"
INFO:     apscheduler.scheduler — Added job "_make_trailing_window_job.<locals>._job" to job store "default"
INFO:     apscheduler.scheduler — Added job "_make_candle_close_job.<locals>._job" to job store "default"
INFO:     apscheduler.scheduler — Added job "_make_candle_refresh_job.<locals>._job" to job store "default"
INFO:     apscheduler.scheduler — Added job "_shadow_resolver" to job store "default"
INFO:     apscheduler.scheduler — Added job "_weekly_fundamentals" to job store "default"
INFO:     apscheduler.scheduler — Added job "_intraday_fundamentals" to job store "default"
INFO:     apscheduler.scheduler — Scheduler started
INFO:     app.services.scheduler — scheduler started; jobs: weekly_chain (Sun 00:00), daily_circuit_breaker (00:00), weekly_fundamentals (Sun 22:00), intraday_fundamentals (*/4h), shadow_outcome_resolver (*/1h at :35), candle jobs: M1@*:20 (trailing 6h B/A), H4@1,5,9,13,17,21:01, D@23:05 (refresh-only)
INFO:     app.services.price_stream — price stream starting for 10 instruments
INFO:     app.main — price stream started for 10 instruments
INFO:     Application startup complete.
INFO:     Uvicorn running on http://127.0.0.1:8000 (Press CTRL+C to quit)
INFO:     httpx — HTTP Request: GET https://stream-fxpractice.oanda.com/v3/accounts/101-003-39159710-001/pricing/stream?instruments=EUR_USD%2CUSD_CHF%2CEUR_JPY%2CUSD_JPY%2CGBP_JPY%2CAUD_USD%2CGBP_USD%2CUSD_CAD%2CEUR_GBP%2CNZD_USD&snapshot=true "HTTP/1.1 520 <none>"
WARNING:     app.services.price_stream — price stream disconnected (failure 1/10 before escalation): Server error '520 <none>' for url 'https://stream-fxpractice.oanda.com/v3/accounts/101-003-39159710-001/pricing/stream?instruments=EUR_USD%2CUSD_CHF%2CEUR_JPY%2CUSD_JPY%2CGBP_JPY%2CAUD_USD%2CGBP_USD%2CUSD_CAD%2CEUR_GBP%2CNZD_USD&snapshot=true'
For more information check: https://developer.mozilla.org/en-US/docs/Web/HTTP/Status/520 — retrying in 5s
INFO:     httpx — HTTP Request: GET https://stream-fxpractice.oanda.com/v3/accounts/101-003-39159710-001/pricing/stream?instruments=EUR_USD%2CUSD_CHF%2CEUR_JPY%2CUSD_JPY%2CGBP_JPY%2CAUD_USD%2CGBP_USD%2CUSD_CAD%2CEUR_GBP%2CNZD_USD&snapshot=true "HTTP/1.1 520 <none>"
WARNING:     app.services.price_stream — price stream disconnected (failure 2/10 before escalation): Server error '520 <none>' for url 'https://stream-fxpractice.oanda.com/v3/accounts/101-003-39159710-001/pricing/stream?instruments=EUR_USD%2CUSD_CHF%2CEUR_JPY%2CUSD_JPY%2CGBP_JPY%2CAUD_USD%2CGBP_USD%2CUSD_CAD%2CEUR_GBP%2CNZD_USD&snapshot=true'
For more information check: https://developer.mozilla.org/en-US/docs/Web/HTTP/Status/520 — retrying in 10s
INFO:     httpx — HTTP Request: GET https://stream-fxpractice.oanda.com/v3/accounts/101-003-39159710-001/pricing/stream?instruments=EUR_USD%2CUSD_CHF%2CEUR_JPY%2CUSD_JPY%2CGBP_JPY%2CAUD_USD%2CGBP_USD%2CUSD_CAD%2CEUR_GBP%2CNZD_USD&snapshot=true "HTTP/1.1 520 <none>"
WARNING:     app.services.price_stream — price stream disconnected (failure 3/10 before escalation): Server error '520 <none>' for url 'https://stream-fxpractice.oanda.com/v3/accounts/101-003-39159710-001/pricing/stream?instruments=EUR_USD%2CUSD_CHF%2CEUR_JPY%2CUSD_JPY%2CGBP_JPY%2CAUD_USD%2CGBP_USD%2CUSD_CAD%2CEUR_GBP%2CNZD_USD&snapshot=true'
For more information check: https://developer.mozilla.org/en-US/docs/Web/HTTP/Status/520 — retrying in 20s
INFO:     httpx — HTTP Request: GET https://stream-fxpractice.oanda.com/v3/accounts/101-003-39159710-001/pricing/stream?instruments=EUR_USD%2CUSD_CHF%2CEUR_JPY%2CUSD_JPY%2CGBP_JPY%2CAUD_USD%2CGBP_USD%2CUSD_CAD%2CEUR_GBP%2CNZD_USD&snapshot=true "HTTP/1.1 307 Temporary Redirect"
INFO:     httpx — HTTP Request: GET https://stream-fxpractice.oanda.com/v3/accounts/101-003-39159710-001/pricing/stream?instruments=EUR_USD%2CUSD_CHF%2CEUR_JPY%2CUSD_JPY%2CGBP_JPY%2CAUD_USD%2CGBP_USD%2CUSD_CAD%2CEUR_GBP%2CNZD_USD&snapshot=true "HTTP/1.1 200 OK"
INFO:     app.services.price_stream — price stream RECOVERED after 3 consecutive failure(s) (down 1.4 min)
INFO:     apscheduler.executors.default — Running job "_make_trailing_window_job.<locals>._job (trigger: cron[hour='*', minute='20'], next run at: 2026-08-06 15:20:00 UTC)" (scheduled at 2026-08-06 15:20:00+00:00)
INFO:     httpx — HTTP Request: GET https://api-fxpractice.oanda.com/v3/instruments/EUR_USD/candles?granularity=M1&from=2026-08-06T09%3A20%3A00Z&to=2026-08-06T15%3A20%3A00Z&price=B "HTTP/1.1 200 OK"
INFO:     httpx — HTTP Request: GET https://api-fxpractice.oanda.com/v3/instruments/EUR_USD/candles?granularity=M1&from=2026-08-06T09%3A20%3A00Z&to=2026-08-06T15%3A20%3A00Z&price=A "HTTP/1.1 200 OK"
INFO:     httpx — HTTP Request: GET https://api-fxpractice.oanda.com/v3/instruments/USD_CHF/candles?granularity=M1&from=2026-08-06T09%3A20%3A00Z&to=2026-08-06T15%3A20%3A00Z&price=B "HTTP/1.1 200 OK"
INFO:     httpx — HTTP Request: GET https://api-fxpractice.oanda.com/v3/instruments/USD_CHF/candles?granularity=M1&from=2026-08-06T09%3A20%3A00Z&to=2026-08-06T15%3A20%3A00Z&price=A "HTTP/1.1 200 OK"
INFO:     httpx — HTTP Request: GET https://api-fxpractice.oanda.com/v3/instruments/EUR_JPY/candles?granularity=M1&from=2026-08-06T09%3A20%3A00Z&to=2026-08-06T15%3A20%3A00Z&price=B "HTTP/1.1 200 OK"
INFO:     httpx — HTTP Request: GET https://api-fxpractice.oanda.com/v3/instruments/EUR_JPY/candles?granularity=M1&from=2026-08-06T09%3A20%3A00Z&to=2026-08-06T15%3A20%3A00Z&price=A "HTTP/1.1 200 OK"
INFO:     httpx — HTTP Request: GET https://api-fxpractice.oanda.com/v3/instruments/USD_JPY/candles?granularity=M1&from=2026-08-06T09%3A20%3A00Z&to=2026-08-06T15%3A20%3A00Z&price=B "HTTP/1.1 200 OK"
INFO:     httpx — HTTP Request: GET https://api-fxpractice.oanda.com/v3/instruments/USD_JPY/candles?granularity=M1&from=2026-08-06T09%3A20%3A00Z&to=2026-08-06T15%3A20%3A00Z&price=A "HTTP/1.1 200 OK"
INFO:     httpx — HTTP Request: GET https://api-fxpractice.oanda.com/v3/instruments/GBP_JPY/candles?granularity=M1&from=2026-08-06T09%3A20%3A00Z&to=2026-08-06T15%3A20%3A00Z&price=B "HTTP/1.1 200 OK"
INFO:     httpx — HTTP Request: GET https://api-fxpractice.oanda.com/v3/instruments/GBP_JPY/candles?granularity=M1&from=2026-08-06T09%3A20%3A00Z&to=2026-08-06T15%3A20%3A00Z&price=A "HTTP/1.1 200 OK"
INFO:     httpx — HTTP Request: GET https://api-fxpractice.oanda.com/v3/instruments/AUD_USD/candles?granularity=M1&from=2026-08-06T09%3A20%3A00Z&to=2026-08-06T15%3A20%3A00Z&price=B "HTTP/1.1 200 OK"
INFO:     httpx — HTTP Request: GET https://api-fxpractice.oanda.com/v3/instruments/AUD_USD/candles?granularity=M1&from=2026-08-06T09%3A20%3A00Z&to=2026-08-06T15%3A20%3A00Z&price=A "HTTP/1.1 200 OK"
INFO:     httpx — HTTP Request: GET https://api-fxpractice.oanda.com/v3/instruments/GBP_USD/candles?granularity=M1&from=2026-08-06T09%3A20%3A00Z&to=2026-08-06T15%3A20%3A00Z&price=B "HTTP/1.1 200 OK"
INFO:     httpx — HTTP Request: GET https://api-fxpractice.oanda.com/v3/instruments/GBP_USD/candles?granularity=M1&from=2026-08-06T09%3A20%3A00Z&to=2026-08-06T15%3A20%3A00Z&price=A "HTTP/1.1 200 OK"
INFO:     httpx — HTTP Request: GET https://api-fxpractice.oanda.com/v3/instruments/USD_CAD/candles?granularity=M1&from=2026-08-06T09%3A20%3A00Z&to=2026-08-06T15%3A20%3A00Z&price=B "HTTP/1.1 200 OK"
INFO:     httpx — HTTP Request: GET https://api-fxpractice.oanda.com/v3/instruments/USD_CAD/candles?granularity=M1&from=2026-08-06T09%3A20%3A00Z&to=2026-08-06T15%3A20%3A00Z&price=A "HTTP/1.1 200 OK"
INFO:     httpx — HTTP Request: GET https://api-fxpractice.oanda.com/v3/instruments/EUR_GBP/candles?granularity=M1&from=2026-08-06T09%3A20%3A00Z&to=2026-08-06T15%3A20%3A00Z&price=B "HTTP/1.1 200 OK"
INFO:     httpx — HTTP Request: GET https://api-fxpractice.oanda.com/v3/instruments/EUR_GBP/candles?granularity=M1&from=2026-08-06T09%3A20%3A00Z&to=2026-08-06T15%3A20%3A00Z&price=A "HTTP/1.1 200 OK"
INFO:     httpx — HTTP Request: GET https://api-fxpractice.oanda.com/v3/instruments/NZD_USD/candles?granularity=M1&from=2026-08-06T09%3A20%3A00Z&to=2026-08-06T15%3A20%3A00Z&price=B "HTTP/1.1 200 OK"
INFO:     httpx — HTTP Request: GET https://api-fxpractice.oanda.com/v3/instruments/NZD_USD/candles?granularity=M1&from=2026-08-06T09%3A20%3A00Z&to=2026-08-06T15%3A20%3A00Z&price=A "HTTP/1.1 200 OK"
INFO:     app.services.pipeline — trailing window refresh complete: {'granularity': 'M1', 'price_types': ['B', 'A'], 'window_start': '2026-08-06T09:20:00.012412+00:00', 'window_end': '2026-08-06T15:20:00.012412+00:00', 'lookback_hours': 6, 'fetched': 7196, 'instruments': 10, 'errors': 0}
INFO:     apscheduler.executors.default — Job "_make_trailing_window_job.<locals>._job (trigger: cron[hour='*', minute='20'], next run at: 2026-08-06 16:20:00 UTC)" executed successfully
INFO:     apscheduler.executors.default — Running job "_shadow_resolver (trigger: cron[hour='*/1', minute='35'], next run at: 2026-08-06 16:35:00 UTC)" (scheduled at 2026-08-06 15:35:00+00:00)
INFO:     app.services.shadow.resolver — shadow resolver: {'checked': 5, 'resolved': 0, 'not_yet': 5, 'forced': 0, 'no_atr': 0, 'failed': 0, 'still_pending': 5, 'by_outcome': {'win': 0, 'loss': 0, 'breakeven': 0}, 'by_decision': {'take': 0, 'skip': 0, 'unscored': 0}}
INFO:     app.services.scheduler — scheduled shadow resolver: {'checked': 5, 'resolved': 0, 'not_yet': 5, 'forced': 0, 'no_atr': 0, 'failed': 0, 'still_pending': 5, 'by_outcome': {'win': 0, 'loss': 0, 'breakeven': 0}, 'by_decision': {'take': 0, 'skip': 0, 'unscored': 0}}
INFO:     apscheduler.executors.default — Job "_shadow_resolver (trigger: cron[hour='*/1', minute='35'], next run at: 2026-08-06 16:35:00 UTC)" executed successfully
WARNING:     app.services.price_stream — price stream disconnected (failure 1/10 before escalation): no data (price or heartbeat) from the OANDA pricing stream for 30s (STREAM_HEARTBEAT_TIMEOUT_SECONDS) — treating the connection as dead and forcing a reconnect — retrying in 5s
WARNING:     app.services.price_stream — price stream disconnected (failure 2/10 before escalation):  — retrying in 10s
INFO:     httpx — HTTP Request: GET https://stream-fxpractice.oanda.com/v3/accounts/101-003-39159710-001/pricing/stream?instruments=EUR_USD%2CUSD_CHF%2CEUR_JPY%2CUSD_JPY%2CGBP_JPY%2CAUD_USD%2CGBP_USD%2CUSD_CAD%2CEUR_GBP%2CNZD_USD&snapshot=true "HTTP/1.1 520 <none>"
WARNING:     app.services.price_stream — price stream disconnected (failure 3/10 before escalation): Server error '520 <none>' for url 'https://stream-fxpractice.oanda.com/v3/accounts/101-003-39159710-001/pricing/stream?instruments=EUR_USD%2CUSD_CHF%2CEUR_JPY%2CUSD_JPY%2CGBP_JPY%2CAUD_USD%2CGBP_USD%2CUSD_CAD%2CEUR_GBP%2CNZD_USD&snapshot=true'
For more information check: https://developer.mozilla.org/en-US/docs/Web/HTTP/Status/520 — retrying in 20s
INFO:     httpx — HTTP Request: GET https://stream-fxpractice.oanda.com/v3/accounts/101-003-39159710-001/pricing/stream?instruments=EUR_USD%2CUSD_CHF%2CEUR_JPY%2CUSD_JPY%2CGBP_JPY%2CAUD_USD%2CGBP_USD%2CUSD_CAD%2CEUR_GBP%2CNZD_USD&snapshot=true "HTTP/1.1 520 <none>"
WARNING:     app.services.price_stream — price stream disconnected (failure 4/10 before escalation): Server error '520 <none>' for url 'https://stream-fxpractice.oanda.com/v3/accounts/101-003-39159710-001/pricing/stream?instruments=EUR_USD%2CUSD_CHF%2CEUR_JPY%2CUSD_JPY%2CGBP_JPY%2CAUD_USD%2CGBP_USD%2CUSD_CAD%2CEUR_GBP%2CNZD_USD&snapshot=true'
For more information check: https://developer.mozilla.org/en-US/docs/Web/HTTP/Status/520 — retrying in 40s
WARNING:     apscheduler.executors.default — Run time of job "_intraday_fundamentals (trigger: cron[hour='*/4', minute='15'], next run at: 2026-08-06 20:15:00 UTC)" was missed by 0:07:05.689070
INFO:     apscheduler.executors.default — Running job "_make_trailing_window_job.<locals>._job (trigger: cron[hour='*', minute='20'], next run at: 2026-08-06 17:20:00 UTC)" (scheduled at 2026-08-06 16:20:00+00:00)
INFO:     httpx — HTTP Request: GET https://api-fxpractice.oanda.com/v3/instruments/EUR_USD/candles?granularity=M1&from=2026-08-06T10%3A22%3A05Z&to=2026-08-06T16%3A22%3A05Z&price=B "HTTP/1.1 200 OK"
INFO:     httpx — HTTP Request: GET https://api-fxpractice.oanda.com/v3/instruments/EUR_USD/candles?granularity=M1&from=2026-08-06T10%3A22%3A05Z&to=2026-08-06T16%3A22%3A05Z&price=A "HTTP/1.1 200 OK"
INFO:     httpx — HTTP Request: GET https://api-fxpractice.oanda.com/v3/instruments/USD_CHF/candles?granularity=M1&from=2026-08-06T10%3A22%3A05Z&to=2026-08-06T16%3A22%3A05Z&price=B "HTTP/1.1 200 OK"
INFO:     httpx — HTTP Request: GET https://api-fxpractice.oanda.com/v3/instruments/USD_CHF/candles?granularity=M1&from=2026-08-06T10%3A22%3A05Z&to=2026-08-06T16%3A22%3A05Z&price=A "HTTP/1.1 200 OK"
INFO:     httpx — HTTP Request: GET https://api-fxpractice.oanda.com/v3/instruments/EUR_JPY/candles?granularity=M1&from=2026-08-06T10%3A22%3A05Z&to=2026-08-06T16%3A22%3A05Z&price=B "HTTP/1.1 200 OK"
INFO:     httpx — HTTP Request: GET https://api-fxpractice.oanda.com/v3/instruments/EUR_JPY/candles?granularity=M1&from=2026-08-06T10%3A22%3A05Z&to=2026-08-06T16%3A22%3A05Z&price=A "HTTP/1.1 200 OK"
INFO:     httpx — HTTP Request: GET https://api-fxpractice.oanda.com/v3/instruments/USD_JPY/candles?granularity=M1&from=2026-08-06T10%3A22%3A05Z&to=2026-08-06T16%3A22%3A05Z&price=B "HTTP/1.1 200 OK"
INFO:     httpx — HTTP Request: GET https://api-fxpractice.oanda.com/v3/instruments/USD_JPY/candles?granularity=M1&from=2026-08-06T10%3A22%3A05Z&to=2026-08-06T16%3A22%3A05Z&price=A "HTTP/1.1 200 OK"
INFO:     httpx — HTTP Request: GET https://api-fxpractice.oanda.com/v3/instruments/GBP_JPY/candles?granularity=M1&from=2026-08-06T10%3A22%3A05Z&to=2026-08-06T16%3A22%3A05Z&price=B "HTTP/1.1 200 OK"
INFO:     httpx — HTTP Request: GET https://api-fxpractice.oanda.com/v3/instruments/GBP_JPY/candles?granularity=M1&from=2026-08-06T10%3A22%3A05Z&to=2026-08-06T16%3A22%3A05Z&price=A "HTTP/1.1 200 OK"
INFO:     httpx — HTTP Request: GET https://api-fxpractice.oanda.com/v3/instruments/AUD_USD/candles?granularity=M1&from=2026-08-06T10%3A22%3A05Z&to=2026-08-06T16%3A22%3A05Z&price=B "HTTP/1.1 200 OK"
INFO:     httpx — HTTP Request: GET https://api-fxpractice.oanda.com/v3/instruments/AUD_USD/candles?granularity=M1&from=2026-08-06T10%3A22%3A05Z&to=2026-08-06T16%3A22%3A05Z&price=A "HTTP/1.1 200 OK"
INFO:     httpx — HTTP Request: GET https://api-fxpractice.oanda.com/v3/instruments/GBP_USD/candles?granularity=M1&from=2026-08-06T10%3A22%3A05Z&to=2026-08-06T16%3A22%3A05Z&price=B "HTTP/1.1 200 OK"
INFO:     httpx — HTTP Request: GET https://api-fxpractice.oanda.com/v3/instruments/GBP_USD/candles?granularity=M1&from=2026-08-06T10%3A22%3A05Z&to=2026-08-06T16%3A22%3A05Z&price=A "HTTP/1.1 200 OK"
INFO:     httpx — HTTP Request: GET https://stream-fxpractice.oanda.com/v3/accounts/101-003-39159710-001/pricing/stream?instruments=EUR_USD%2CUSD_CHF%2CEUR_JPY%2CUSD_JPY%2CGBP_JPY%2CAUD_USD%2CGBP_USD%2CUSD_CAD%2CEUR_GBP%2CNZD_USD&snapshot=true "HTTP/1.1 520 <none>"
WARNING:     app.services.price_stream — price stream disconnected (failure 5/10 before escalation): Server error '520 <none>' for url 'https://stream-fxpractice.oanda.com/v3/accounts/101-003-39159710-001/pricing/stream?instruments=EUR_USD%2CUSD_CHF%2CEUR_JPY%2CUSD_JPY%2CGBP_JPY%2CAUD_USD%2CGBP_USD%2CUSD_CAD%2CEUR_GBP%2CNZD_USD&snapshot=true'
For more information check: https://developer.mozilla.org/en-US/docs/Web/HTTP/Status/520 — retrying in 80s
INFO:     httpx — HTTP Request: GET https://api-fxpractice.oanda.com/v3/instruments/USD_CAD/candles?granularity=M1&from=2026-08-06T10%3A22%3A05Z&to=2026-08-06T16%3A22%3A05Z&price=B "HTTP/1.1 200 OK"
INFO:     httpx — HTTP Request: GET https://api-fxpractice.oanda.com/v3/instruments/USD_CAD/candles?granularity=M1&from=2026-08-06T10%3A22%3A05Z&to=2026-08-06T16%3A22%3A05Z&price=A "HTTP/1.1 200 OK"
INFO:     httpx — HTTP Request: GET https://api-fxpractice.oanda.com/v3/instruments/EUR_GBP/candles?granularity=M1&from=2026-08-06T10%3A22%3A05Z&to=2026-08-06T16%3A22%3A05Z&price=B "HTTP/1.1 200 OK"
INFO:     httpx — HTTP Request: GET https://api-fxpractice.oanda.com/v3/instruments/EUR_GBP/candles?granularity=M1&from=2026-08-06T10%3A22%3A05Z&to=2026-08-06T16%3A22%3A05Z&price=A "HTTP/1.1 200 OK"
INFO:     httpx — HTTP Request: GET https://api-fxpractice.oanda.com/v3/instruments/NZD_USD/candles?granularity=M1&from=2026-08-06T10%3A22%3A05Z&to=2026-08-06T16%3A22%3A05Z&price=B "HTTP/1.1 200 OK"
INFO:     httpx — HTTP Request: GET https://api-fxpractice.oanda.com/v3/instruments/NZD_USD/candles?granularity=M1&from=2026-08-06T10%3A22%3A05Z&to=2026-08-06T16%3A22%3A05Z&price=A "HTTP/1.1 200 OK"
INFO:     app.services.pipeline — trailing window refresh complete: {'granularity': 'M1', 'price_types': ['B', 'A'], 'window_start': '2026-08-06T10:22:05.694465+00:00', 'window_end': '2026-08-06T16:22:05.694465+00:00', 'lookback_hours': 6, 'fetched': 1240, 'instruments': 10, 'errors': 0}
INFO:     apscheduler.executors.default — Job "_make_trailing_window_job.<locals>._job (trigger: cron[hour='*', minute='20'], next run at: 2026-08-06 17:20:00 UTC)" executed successfully
INFO:     httpx — HTTP Request: GET https://stream-fxpractice.oanda.com/v3/accounts/101-003-39159710-001/pricing/stream?instruments=EUR_USD%2CUSD_CHF%2CEUR_JPY%2CUSD_JPY%2CGBP_JPY%2CAUD_USD%2CGBP_USD%2CUSD_CAD%2CEUR_GBP%2CNZD_USD&snapshot=true "HTTP/1.1 200 OK"
INFO:     app.services.price_stream — price stream RECOVERED after 5 consecutive failure(s) (down 8.9 min)
WARNING:     app.services.price_stream — price stream disconnected (failure 1/10 before escalation): no data (price or heartbeat) from the OANDA pricing stream for 30s (STREAM_HEARTBEAT_TIMEOUT_SECONDS) — treating the connection as dead and forcing a reconnect — retrying in 5s
WARNING:     app.services.price_stream — price stream disconnected (failure 2/10 before escalation): [Errno 11001] getaddrinfo failed — retrying in 10s
INFO:     httpx — HTTP Request: GET https://stream-fxpractice.oanda.com/v3/accounts/101-003-39159710-001/pricing/stream?instruments=EUR_USD%2CUSD_CHF%2CEUR_JPY%2CUSD_JPY%2CGBP_JPY%2CAUD_USD%2CGBP_USD%2CUSD_CAD%2CEUR_GBP%2CNZD_USD&snapshot=true "HTTP/1.1 520 <none>"
WARNING:     app.services.price_stream — price stream disconnected (failure 3/10 before escalation): Server error '520 <none>' for url 'https://stream-fxpractice.oanda.com/v3/accounts/101-003-39159710-001/pricing/stream?instruments=EUR_USD%2CUSD_CHF%2CEUR_JPY%2CUSD_JPY%2CGBP_JPY%2CAUD_USD%2CGBP_USD%2CUSD_CAD%2CEUR_GBP%2CNZD_USD&snapshot=true'
For more information check: https://developer.mozilla.org/en-US/docs/Web/HTTP/Status/520 — retrying in 20s
INFO:     httpx — HTTP Request: GET https://stream-fxpractice.oanda.com/v3/accounts/101-003-39159710-001/pricing/stream?instruments=EUR_USD%2CUSD_CHF%2CEUR_JPY%2CUSD_JPY%2CGBP_JPY%2CAUD_USD%2CGBP_USD%2CUSD_CAD%2CEUR_GBP%2CNZD_USD&snapshot=true "HTTP/1.1 520 <none>"
WARNING:     app.services.price_stream — price stream disconnected (failure 4/10 before escalation): Server error '520 <none>' for url 'https://stream-fxpractice.oanda.com/v3/accounts/101-003-39159710-001/pricing/stream?instruments=EUR_USD%2CUSD_CHF%2CEUR_JPY%2CUSD_JPY%2CGBP_JPY%2CAUD_USD%2CGBP_USD%2CUSD_CAD%2CEUR_GBP%2CNZD_USD&snapshot=true'
For more information check: https://developer.mozilla.org/en-US/docs/Web/HTTP/Status/520 — retrying in 40s
INFO:     httpx — HTTP Request: GET https://stream-fxpractice.oanda.com/v3/accounts/101-003-39159710-001/pricing/stream?instruments=EUR_USD%2CUSD_CHF%2CEUR_JPY%2CUSD_JPY%2CGBP_JPY%2CAUD_USD%2CGBP_USD%2CUSD_CAD%2CEUR_GBP%2CNZD_USD&snapshot=true "HTTP/1.1 200 OK"
INFO:     app.services.price_stream — price stream RECOVERED after 4 consecutive failure(s) (down 2.1 min)
WARNING:     apscheduler.executors.default — Run time of job "_shadow_resolver (trigger: cron[hour='*/1', minute='35'], next run at: 2026-08-06 18:35:00 UTC)" was missed by 0:22:51.441675
WARNING:     apscheduler.executors.default — Run time of job "_make_candle_close_job.<locals>._job (trigger: cron[hour='1,5,9,13,17,21', minute='1'], next run at: 2026-08-06 21:01:00 UTC)" was missed by 0:56:51.442217
WARNING:     apscheduler.executors.default — Run time of job "_make_trailing_window_job.<locals>._job (trigger: cron[hour='*', minute='20'], next run at: 2026-08-06 17:20:00 UTC)" was missed by 0:37:51.445299
INFO:     apscheduler.executors.default — Running job "_make_trailing_window_job.<locals>._job (trigger: cron[hour='*', minute='20'], next run at: 2026-08-06 19:20:00 UTC)" (scheduled at 2026-08-06 18:20:00+00:00)
INFO:     httpx — HTTP Request: GET https://api-fxpractice.oanda.com/v3/instruments/EUR_USD/candles?granularity=M1&from=2026-08-06T12%3A20%3A00Z&to=2026-08-06T18%3A20%3A00Z&price=B "HTTP/1.1 200 OK"
INFO:     httpx — HTTP Request: GET https://api-fxpractice.oanda.com/v3/instruments/EUR_USD/candles?granularity=M1&from=2026-08-06T12%3A20%3A00Z&to=2026-08-06T18%3A20%3A00Z&price=A "HTTP/1.1 200 OK"
INFO:     httpx — HTTP Request: GET https://api-fxpractice.oanda.com/v3/instruments/USD_CHF/candles?granularity=M1&from=2026-08-06T12%3A20%3A00Z&to=2026-08-06T18%3A20%3A00Z&price=B "HTTP/1.1 200 OK"
INFO:     httpx — HTTP Request: GET https://api-fxpractice.oanda.com/v3/instruments/USD_CHF/candles?granularity=M1&from=2026-08-06T12%3A20%3A00Z&to=2026-08-06T18%3A20%3A00Z&price=A "HTTP/1.1 200 OK"
INFO:     httpx — HTTP Request: GET https://api-fxpractice.oanda.com/v3/instruments/EUR_JPY/candles?granularity=M1&from=2026-08-06T12%3A20%3A00Z&to=2026-08-06T18%3A20%3A00Z&price=B "HTTP/1.1 200 OK"
INFO:     httpx — HTTP Request: GET https://api-fxpractice.oanda.com/v3/instruments/EUR_JPY/candles?granularity=M1&from=2026-08-06T12%3A20%3A00Z&to=2026-08-06T18%3A20%3A00Z&price=A "HTTP/1.1 200 OK"
INFO:     httpx — HTTP Request: GET https://api-fxpractice.oanda.com/v3/instruments/USD_JPY/candles?granularity=M1&from=2026-08-06T12%3A20%3A00Z&to=2026-08-06T18%3A20%3A00Z&price=B "HTTP/1.1 200 OK"
INFO:     httpx — HTTP Request: GET https://api-fxpractice.oanda.com/v3/instruments/USD_JPY/candles?granularity=M1&from=2026-08-06T12%3A20%3A00Z&to=2026-08-06T18%3A20%3A00Z&price=A "HTTP/1.1 200 OK"
INFO:     httpx — HTTP Request: GET https://api-fxpractice.oanda.com/v3/instruments/GBP_JPY/candles?granularity=M1&from=2026-08-06T12%3A20%3A00Z&to=2026-08-06T18%3A20%3A00Z&price=B "HTTP/1.1 200 OK"
INFO:     httpx — HTTP Request: GET https://api-fxpractice.oanda.com/v3/instruments/GBP_JPY/candles?granularity=M1&from=2026-08-06T12%3A20%3A00Z&to=2026-08-06T18%3A20%3A00Z&price=A "HTTP/1.1 200 OK"
INFO:     httpx — HTTP Request: GET https://api-fxpractice.oanda.com/v3/instruments/AUD_USD/candles?granularity=M1&from=2026-08-06T12%3A20%3A00Z&to=2026-08-06T18%3A20%3A00Z&price=B "HTTP/1.1 200 OK"
INFO:     httpx — HTTP Request: GET https://api-fxpractice.oanda.com/v3/instruments/AUD_USD/candles?granularity=M1&from=2026-08-06T12%3A20%3A00Z&to=2026-08-06T18%3A20%3A00Z&price=A "HTTP/1.1 200 OK"
INFO:     httpx — HTTP Request: GET https://api-fxpractice.oanda.com/v3/instruments/GBP_USD/candles?granularity=M1&from=2026-08-06T12%3A20%3A00Z&to=2026-08-06T18%3A20%3A00Z&price=B "HTTP/1.1 200 OK"
INFO:     httpx — HTTP Request: GET https://api-fxpractice.oanda.com/v3/instruments/GBP_USD/candles?granularity=M1&from=2026-08-06T12%3A20%3A00Z&to=2026-08-06T18%3A20%3A00Z&price=A "HTTP/1.1 200 OK"
INFO:     httpx — HTTP Request: GET https://api-fxpractice.oanda.com/v3/instruments/USD_CAD/candles?granularity=M1&from=2026-08-06T12%3A20%3A00Z&to=2026-08-06T18%3A20%3A00Z&price=B "HTTP/1.1 200 OK"
INFO:     httpx — HTTP Request: GET https://api-fxpractice.oanda.com/v3/instruments/USD_CAD/candles?granularity=M1&from=2026-08-06T12%3A20%3A00Z&to=2026-08-06T18%3A20%3A00Z&price=A "HTTP/1.1 200 OK"
INFO:     httpx — HTTP Request: GET https://api-fxpractice.oanda.com/v3/instruments/EUR_GBP/candles?granularity=M1&from=2026-08-06T12%3A20%3A00Z&to=2026-08-06T18%3A20%3A00Z&price=B "HTTP/1.1 200 OK"
INFO:     httpx — HTTP Request: GET https://api-fxpractice.oanda.com/v3/instruments/EUR_GBP/candles?granularity=M1&from=2026-08-06T12%3A20%3A00Z&to=2026-08-06T18%3A20%3A00Z&price=A "HTTP/1.1 200 OK"
INFO:     httpx — HTTP Request: GET https://api-fxpractice.oanda.com/v3/instruments/NZD_USD/candles?granularity=M1&from=2026-08-06T12%3A20%3A00Z&to=2026-08-06T18%3A20%3A00Z&price=B "HTTP/1.1 200 OK"
INFO:     httpx — HTTP Request: GET https://api-fxpractice.oanda.com/v3/instruments/NZD_USD/candles?granularity=M1&from=2026-08-06T12%3A20%3A00Z&to=2026-08-06T18%3A20%3A00Z&price=A "HTTP/1.1 200 OK"
INFO:     app.services.pipeline — trailing window refresh complete: {'granularity': 'M1', 'price_types': ['B', 'A'], 'window_start': '2026-08-06T12:20:00.051186+00:00', 'window_end': '2026-08-06T18:20:00.051186+00:00', 'lookback_hours': 6, 'fetched': 2356, 'instruments': 10, 'errors': 0}
INFO:     apscheduler.executors.default — Job "_make_trailing_window_job.<locals>._job (trigger: cron[hour='*', minute='20'], next run at: 2026-08-06 19:20:00 UTC)" executed successfully
INFO:     apscheduler.executors.default — Running job "_shadow_resolver (trigger: cron[hour='*/1', minute='35'], next run at: 2026-08-06 19:35:00 UTC)" (scheduled at 2026-08-06 18:35:00+00:00)
INFO:     app.services.shadow.resolver — shadow resolver: {'checked': 5, 'resolved': 0, 'not_yet': 5, 'forced': 0, 'no_atr': 0, 'failed': 0, 'still_pending': 5, 'by_outcome': {'win': 0, 'loss': 0, 'breakeven': 0}, 'by_decision': {'take': 0, 'skip': 0, 'unscored': 0}}
INFO:     app.services.scheduler — scheduled shadow resolver: {'checked': 5, 'resolved': 0, 'not_yet': 5, 'forced': 0, 'no_atr': 0, 'failed': 0, 'still_pending': 5, 'by_outcome': {'win': 0, 'loss': 0, 'breakeven': 0}, 'by_decision': {'take': 0, 'skip': 0, 'unscored': 0}}
INFO:     apscheduler.executors.default — Job "_shadow_resolver (trigger: cron[hour='*/1', minute='35'], next run at: 2026-08-06 19:35:00 UTC)" executed successfully
WARNING:     app.services.price_stream — price stream disconnected (failure 1/10 before escalation): no data (price or heartbeat) from the OANDA pricing stream for 30s (STREAM_HEARTBEAT_TIMEOUT_SECONDS) — treating the connection as dead and forcing a reconnect — retrying in 5s
INFO:     httpx — HTTP Request: GET https://stream-fxpractice.oanda.com/v3/accounts/101-003-39159710-001/pricing/stream?instruments=EUR_USD%2CUSD_CHF%2CEUR_JPY%2CUSD_JPY%2CGBP_JPY%2CAUD_USD%2CGBP_USD%2CUSD_CAD%2CEUR_GBP%2CNZD_USD&snapshot=true "HTTP/1.1 520 <none>"
WARNING:     app.services.price_stream — price stream disconnected (failure 2/10 before escalation): Server error '520 <none>' for url 'https://stream-fxpractice.oanda.com/v3/accounts/101-003-39159710-001/pricing/stream?instruments=EUR_USD%2CUSD_CHF%2CEUR_JPY%2CUSD_JPY%2CGBP_JPY%2CAUD_USD%2CGBP_USD%2CUSD_CAD%2CEUR_GBP%2CNZD_USD&snapshot=true'
For more information check: https://developer.mozilla.org/en-US/docs/Web/HTTP/Status/520 — retrying in 10s
INFO:     httpx — HTTP Request: GET https://stream-fxpractice.oanda.com/v3/accounts/101-003-39159710-001/pricing/stream?instruments=EUR_USD%2CUSD_CHF%2CEUR_JPY%2CUSD_JPY%2CGBP_JPY%2CAUD_USD%2CGBP_USD%2CUSD_CAD%2CEUR_GBP%2CNZD_USD&snapshot=true "HTTP/1.1 200 OK"
INFO:     app.services.price_stream — price stream RECOVERED after 2 consecutive failure(s) (down 0.7 min)
INFO:     apscheduler.executors.default — Running job "_make_trailing_window_job.<locals>._job (trigger: cron[hour='*', minute='20'], next run at: 2026-08-06 20:20:00 UTC)" (scheduled at 2026-08-06 19:20:00+00:00)
INFO:     httpx — HTTP Request: GET https://api-fxpractice.oanda.com/v3/instruments/EUR_USD/candles?granularity=M1&from=2026-08-06T13%3A20%3A00Z&to=2026-08-06T19%3A20%3A00Z&price=B "HTTP/1.1 200 OK"
INFO:     httpx — HTTP Request: GET https://api-fxpractice.oanda.com/v3/instruments/EUR_USD/candles?granularity=M1&from=2026-08-06T13%3A20%3A00Z&to=2026-08-06T19%3A20%3A00Z&price=A "HTTP/1.1 200 OK"
INFO:     httpx — HTTP Request: GET https://api-fxpractice.oanda.com/v3/instruments/USD_CHF/candles?granularity=M1&from=2026-08-06T13%3A20%3A00Z&to=2026-08-06T19%3A20%3A00Z&price=B "HTTP/1.1 200 OK"
INFO:     httpx — HTTP Request: GET https://api-fxpractice.oanda.com/v3/instruments/USD_CHF/candles?granularity=M1&from=2026-08-06T13%3A20%3A00Z&to=2026-08-06T19%3A20%3A00Z&price=A "HTTP/1.1 200 OK"
INFO:     httpx — HTTP Request: GET https://api-fxpractice.oanda.com/v3/instruments/EUR_JPY/candles?granularity=M1&from=2026-08-06T13%3A20%3A00Z&to=2026-08-06T19%3A20%3A00Z&price=B "HTTP/1.1 200 OK"
INFO:     httpx — HTTP Request: GET https://api-fxpractice.oanda.com/v3/instruments/EUR_JPY/candles?granularity=M1&from=2026-08-06T13%3A20%3A00Z&to=2026-08-06T19%3A20%3A00Z&price=A "HTTP/1.1 200 OK"
INFO:     httpx — HTTP Request: GET https://api-fxpractice.oanda.com/v3/instruments/USD_JPY/candles?granularity=M1&from=2026-08-06T13%3A20%3A00Z&to=2026-08-06T19%3A20%3A00Z&price=B "HTTP/1.1 200 OK"
INFO:     httpx — HTTP Request: GET https://api-fxpractice.oanda.com/v3/instruments/USD_JPY/candles?granularity=M1&from=2026-08-06T13%3A20%3A00Z&to=2026-08-06T19%3A20%3A00Z&price=A "HTTP/1.1 200 OK"
INFO:     httpx — HTTP Request: GET https://api-fxpractice.oanda.com/v3/instruments/GBP_JPY/candles?granularity=M1&from=2026-08-06T13%3A20%3A00Z&to=2026-08-06T19%3A20%3A00Z&price=B "HTTP/1.1 200 OK"
INFO:     httpx — HTTP Request: GET https://api-fxpractice.oanda.com/v3/instruments/GBP_JPY/candles?granularity=M1&from=2026-08-06T13%3A20%3A00Z&to=2026-08-06T19%3A20%3A00Z&price=A "HTTP/1.1 200 OK"
INFO:     httpx — HTTP Request: GET https://api-fxpractice.oanda.com/v3/instruments/AUD_USD/candles?granularity=M1&from=2026-08-06T13%3A20%3A00Z&to=2026-08-06T19%3A20%3A00Z&price=B "HTTP/1.1 200 OK"
INFO:     httpx — HTTP Request: GET https://api-fxpractice.oanda.com/v3/instruments/AUD_USD/candles?granularity=M1&from=2026-08-06T13%3A20%3A00Z&to=2026-08-06T19%3A20%3A00Z&price=A "HTTP/1.1 200 OK"
INFO:     httpx — HTTP Request: GET https://api-fxpractice.oanda.com/v3/instruments/GBP_USD/candles?granularity=M1&from=2026-08-06T13%3A20%3A00Z&to=2026-08-06T19%3A20%3A00Z&price=B "HTTP/1.1 200 OK"
INFO:     httpx — HTTP Request: GET https://api-fxpractice.oanda.com/v3/instruments/GBP_USD/candles?granularity=M1&from=2026-08-06T13%3A20%3A00Z&to=2026-08-06T19%3A20%3A00Z&price=A "HTTP/1.1 200 OK"
INFO:     httpx — HTTP Request: GET https://api-fxpractice.oanda.com/v3/instruments/USD_CAD/candles?granularity=M1&from=2026-08-06T13%3A20%3A00Z&to=2026-08-06T19%3A20%3A00Z&price=B "HTTP/1.1 200 OK"
INFO:     httpx — HTTP Request: GET https://api-fxpractice.oanda.com/v3/instruments/USD_CAD/candles?granularity=M1&from=2026-08-06T13%3A20%3A00Z&to=2026-08-06T19%3A20%3A00Z&price=A "HTTP/1.1 200 OK"
INFO:     httpx — HTTP Request: GET https://api-fxpractice.oanda.com/v3/instruments/EUR_GBP/candles?granularity=M1&from=2026-08-06T13%3A20%3A00Z&to=2026-08-06T19%3A20%3A00Z&price=B "HTTP/1.1 200 OK"
INFO:     httpx — HTTP Request: GET https://api-fxpractice.oanda.com/v3/instruments/EUR_GBP/candles?granularity=M1&from=2026-08-06T13%3A20%3A00Z&to=2026-08-06T19%3A20%3A00Z&price=A "HTTP/1.1 200 OK"
INFO:     httpx — HTTP Request: GET https://api-fxpractice.oanda.com/v3/instruments/NZD_USD/candles?granularity=M1&from=2026-08-06T13%3A20%3A00Z&to=2026-08-06T19%3A20%3A00Z&price=B "HTTP/1.1 200 OK"
INFO:     httpx — HTTP Request: GET https://api-fxpractice.oanda.com/v3/instruments/NZD_USD/candles?granularity=M1&from=2026-08-06T13%3A20%3A00Z&to=2026-08-06T19%3A20%3A00Z&price=A "HTTP/1.1 200 OK"
INFO:     app.services.pipeline — trailing window refresh complete: {'granularity': 'M1', 'price_types': ['B', 'A'], 'window_start': '2026-08-06T13:20:00.004989+00:00', 'window_end': '2026-08-06T19:20:00.004989+00:00', 'lookback_hours': 6, 'fetched': 1180, 'instruments': 10, 'errors': 0}
INFO:     apscheduler.executors.default — Job "_make_trailing_window_job.<locals>._job (trigger: cron[hour='*', minute='20'], next run at: 2026-08-06 20:20:00 UTC)" executed successfully
